==============================================================================
INDEPENDENT CHECK OF r12 EXPORTS  (trimesh 5.0.0, numpy 2.5.1)
==============================================================================

[1] B10 EXPORT INTEGRITY -- every part STL watertight, winding consistent, 0 non-manifold edges, STL volume within 0.5 % of its own STEP.
    A FAILING part looks like r9's retaining_plate_chute (watertight=False, 188 open edges, 1538 three-face edges, +8.36 % volume) or like this round's own withdrawn ECO-4 chamfer attempt (22 open + 22 non-manifold edges at x=32.00, |y|=11.000).
    part                      w/tight   wind  euler  nonman  open bodies   STL cm3  STEP cm3      d%
    top_plate                    True   True    -38       0     0      1    95.550    95.572  -0.023
    fill_cap                     True   True      0       0     0      1     7.545     7.548  -0.034
    hopper                       True   True    -14       0     0      1   109.423   109.419   0.004
    meter_housing                True   True     -8       0     0      1   103.819   103.856  -0.035
    pocket_disc                  True   True    -30       0     0      1    72.661    72.686  -0.034
    agitator                     True   True      2       0     0      1     4.288     4.291  -0.053
    brush_holder                 True   True      0       0     0      1     3.544     3.544   0.001
    retaining_plate_chute        True   True    -76       0     0      1    63.945    63.960  -0.023
    electronics_bay              True   True     -8       0     0      1    21.175    21.175   0.002
    bay_lid                      True   True    -10       0     0      1     8.598     8.598   0.001
    chute_plug                   True   True     -2       0     0      1     6.718     6.721  -0.037
    service_stand                True   True      0       0     0      1   103.892   103.908  -0.015
    sensor_cover                 True   True     -4       0     0      2     3.198     3.198   0.000
    count_windows                True   True      8       0     0      4     0.104     0.104  -0.041
    sensor_boards                True   True      4       0     0      2     1.287     1.287  -0.012
      [PASS] 15/15 part STLs clean

[2] I-1 CARTRIDGE-DUCT PATENCY (integration BLOCKING in r11).
    Requirement (Thomas directive 2): 'a routed wiring channel from the interface PCB to the bay AND from the bay to motor + count sensor'.
    A FAILING part looks like r11: every leg 100.0 % of its axis points inside printed material, largest conductor Dia0.0, and ZERO enclosed voids in the whole part.
    exit leg (bay end)         L  15.50 | axis inside    0/  63 (  0.0 %) | Dia4.0 bundle ^ plate    0.0000 mm3
    collector -Y               L  32.50 | axis inside    0/ 131 (  0.0 %) | Dia4.0 bundle ^ plate    0.0000 mm3
    collector -Y (outboard)    L  14.00 | axis inside    0/  57 (  0.0 %) | Dia4.0 bundle ^ plate    0.0000 mm3
    return leg                 L  65.00 | axis inside    0/ 261 (  0.0 %) | Dia4.0 bundle ^ plate    0.0000 mm3
    collector +Y               L  46.50 | axis inside    0/ 187 (  0.0 %) | Dia4.0 bundle ^ plate    0.0000 mm3
    vertical leg -Y            L  51.05 | axis inside    0/ 205 (  0.0 %) | Dia4.0 bundle ^ plate    0.0000 mm3
    vertical leg +Y            L  51.05 | axis inside    0/ 205 (  0.0 %) | Dia4.0 bundle ^ plate    0.0000 mm3
    low run -Y                 L  27.00 | axis inside    0/ 109 (  0.0 %) | Dia4.0 bundle ^ plate    0.0000 mm3
    low run +Y                 L  27.00 | axis inside    0/ 109 (  0.0 %) | Dia4.0 bundle ^ plate    0.0000 mm3
    sensor lateral -Y          L  10.00 | axis inside    0/  41 (  0.0 %) | Dia4.0 bundle ^ plate    0.0000 mm3
    sensor lateral +Y          L  10.00 | axis inside    0/  41 (  0.0 %) | Dia4.0 bundle ^ plate    0.0000 mm3
    sensor riser -Y            L  13.30 | axis inside    0/  54 (  0.0 %) | Dia4.0 bundle ^ plate    0.0000 mm3
    sensor riser +Y            L  13.30 | axis inside    0/  54 (  0.0 %) | Dia4.0 bundle ^ plate    0.0000 mm3
    motor branch               L  49.20 | axis inside    0/ 197 (  0.0 %) | Dia4.0 bundle ^ plate    0.0000 mm3
    motor stub                 L  10.60 | axis inside    0/  43 (  0.0 %) | Dia4.0 bundle ^ plate    0.0000 mm3
    TOTAL 0/1757 axis points inside material; worst Dia4.0 bundle 0.0000 mm3
    CONTROL, 4000 uniform points in the part bbox: 8.6 % read INSIDE printed material (a probe that always says False would read 0.0 %)
      [PASS] every duct leg is patent on its own axis
      [PASS] a Dia4.0 bundle sweeps every leg at 0.0000 mm3
      [PASS] the contains-probe reports solid where the part IS solid

[3] A-11 DETENT-PLUNGER BORE (assembly BLOCKING in r11).
    PUNCHLIST B9c: a modelled thread-forming boss Dia4.2-4.6 +/- 0.1 over >= 6 mm, OR a modelled insert pocket with the part in the BOM.
    A FAILING part looks like r11: 'Dia5.200 over r 47.00..52.90' then 'Dia6.398 over r 53.00..63.00', constant to 0.001 mm, no thread, and no M5 insert anywhere in cad/BOM.md.
    r= 44.00  void half-width 4.000 -> Dia8.000
    r= 46.90  void half-width 2.950 -> Dia5.900
    r= 47.00  void half-width 2.550 -> Dia5.100
    r= 49.60  void half-width 2.200 -> Dia4.400
    r= 63.10  void half-width 4.000 -> Dia8.000
    thread-forming pilot band (Dia 4.15..4.65): r 49.60..63.00 = 13.40 mm long
      [PASS] pilot >= 6 mm (measured 13.40)
    BOM: 'M5' occurrences 4; 'RX-M5' 0; 'thread-forming pilot' 3
      [PASS] the BOM still orders the M5 plunger

[4] A-12 BAY-RIB SCREW PILOT (assembly MAJOR in r11).
    A FAILING part looks like r11: 1.2492 mm2 of 4.5124 mm2 = 27.7 % of the bore section open into the metering chamber, 0.144 mm of floor where it is closed, and the BOM'd M3x20 tip 0.850 mm past the bore wall (0.187 mm from a rotating disc).
    pilot x=+14.0 floor -46.500 (r12 as built): OPEN  0.0000 mm2 of 4.9024 mm2 =   0.0 %
    pilot x=+14.0 floor -45.000 (r11 CONTROL ): OPEN  1.6616 mm2 of 4.9024 mm2 =  33.9 %
      [PASS] the r11 floor reads OPEN (probe works)
    pilot x=-14.0 floor -46.500 (r12 as built): OPEN  0.0000 mm2 of 4.9024 mm2 =   0.0 %
    pilot x=-14.0 floor -45.000 (r11 CONTROL ): OPEN  1.7388 mm2 of 4.9024 mm2 =  35.5 %
      [PASS] the r11 floor reads OPEN (probe works)
      [PASS] the r12 pilot floor does not break into the chamber
    BOM: 'M3x20' x0, 'M3x18' x1
      [PASS] the bay screw is M3x18, not M3x20

[5] B4.2 COUNT-BEAM CLEARANCE ON THE ECO-3 AXES.
    ELECTRONICS ECO-3/ECO-9: two Dia3.2 apertures per side at x = 29 and x = 35, z = Z_SENSOR +/- 3.0.
    A FAILING part looks like r11: 1.1932 mm3 for a Dia2.0 x 60 cylinder on x = 29.0 and on x = 35.0, and 0.0000 only at x = 29.4/35.4.
    beam x=29.0 z=-392.25: Dia2.0x60 ^plate   0.0000 | ^cover  0.1576 | ^PMMA windows  5.9690 mm3
       optical span |y| <= 23.5: ^plate 0.0000 | ^cover 0.0000 mm3
      [PASS] beam at x=29.0 is clear
    beam x=35.0 z=-398.25: Dia2.0x60 ^plate   0.0000 | ^cover  0.0000 | ^PMMA windows  5.9690 mm3
       optical span |y| <= 23.5: ^plate 0.0000 | ^cover 0.0000 mm3
      [PASS] beam at x=35.0 is clear
    CONTROL, solid boss between the apertures x=32.0: 34.8161 mm3
      [PASS] the beam probe is not blind
    open-through x values found by scanning: [np.float64(28.0), np.float64(28.2), np.float64(28.4), np.float64(28.6), np.float64(28.8), np.float64(29.0), np.float64(29.2), np.float64(29.4), np.float64(29.6), np.float64(29.8), np.float64(30.0), np.float64(30.2), np.float64(34.0), np.float64(34.2), np.float64(34.4), np.float64(34.6), np.float64(34.8), np.float64(35.0), np.float64(35.2), np.float64(35.4), np.float64(35.6), np.float64(35.8), np.float64(36.0), np.float64(36.2)]

[6] TANK ROOF -- is the granule bed open to the sky? (granule-path MODERATE 1)
    A FAILING lid looks like r2..r11: 438 open cells = 27.38 mm2, including two 2.2 x 5.0 mm rectangles at (+/-9, -66) at plan radius 66.61 mm, largest passing sphere Dia2.200.
    60669 rays at 0.5 mm over r <= 69.5: 29 open cells = 7.25 mm2 total; INSIDE the fill-cap O-ring gland (r <= 25.0 of the fill axis) 0.00 mm2; outside it 7.25 mm2 (the cap/recess running clearance, sealed by the gland + the BOM'd 1.5 mm nitrile cord)
    open-cell bbox x -23.50..26.00  y 25.00..34.50
    CONTROL, cap REMOVED: 6203 open cells = 1550.75 mm2 (the Dia46 fill port is 1661.90 mm2)
      [PASS] no unroofed granule bed inside the fill-cap seal
      [PASS] the roof scan can see a real hole

[7] BOM CONSISTENCY (assembly A-13, integration N-i4).
    A FAILING BOM looks like r11's: one '2.0 mm hex key' row for both the M3 ISO 10642 countersunk screws AND the M3 grub (an M3 set screw takes 1.5 mm), and grommets/bay gasket present only inside a mass RESERVE line, i.e. not orderable.
    '1.5 mm hex key' present: True; '2.0 mm hex key' present: True
      [PASS] two driver rows, 1.5 mm and 2.0 mm
    'grommet' occurrences in BOM.md: 3
    'gasket' occurrences in BOM.md: 2
    'silicone' occurrences in BOM.md: 4
      [PASS] grommets are ordered
      [PASS] bay gasket cord / sensor pads are ordered
      [PASS] no TSSP4038 order line (B4.7)

[8] REGRESSION GUARDS on what round 5 had already closed.
    B2: the disc D-bore must still have a flat (r11: 2.550/3.050, 64 deg arc, 12.000 mm of flat-on-flat).
    B3: 4 x M3 clearance holes on a Dia26 bolt circle, ON THE AXES (datasheet 14HS13-0804S-PG5).
    disc bore at z=-348.0: r_min 2.550 r_max 3.050, flat arc 56 deg
      [PASS] D-flat present at z=-348.0
    disc bore at z=-340.0: r_min 2.550 r_max 3.050, flat arc 56 deg
      [PASS] D-flat present at z=-340.0
    bolt-circle hole at (+13.0,+0.0): plate hits below = 0 (0 = clear hole)
      [PASS] clearance hole at (+13,+0)
    bolt-circle hole at (-13.0,+0.0): plate hits below = 0 (0 = clear hole)
      [PASS] clearance hole at (-13,+0)
    bolt-circle hole at (+0.0,+13.0): plate hits below = 0 (0 = clear hole)
      [PASS] clearance hole at (+0,+13)
    bolt-circle hole at (+0.0,-13.0): plate hits below = 0 (0 = clear hole)
      [PASS] clearance hole at (+0,-13)

==============================================================================
ALL CHECKS PASS
==============================================================================
